count_star(),gap
16,-2
311,-1
5704,0
235,1
10,2
